groteska7@groteska7:~/labs/drink_menu$ make
gcc -std=c11 -Wall -Wextra -pedantic `pkg-config --cflags gtk+-3.0` -c main.c -o main.o
main.c: In function ‘on_checkout_clicked’:
main.c:379:20: warning: unused variable ‘zero’ [-Wunused-variable]
  379 |             double zero = 0.0;
      |                    ^~~~
gcc main.o -o drink_menu `pkg-config --libs gtk+-3.0` -rdynamic